// Jest Snapshot v1, https://goo.gl/fbAQLP

exports[`testing loading components hide and reveal feature it renders a correct snapshot 1`] = `
.c0 {
  display: -webkit-box;
  display: -webkit-flex;
  display: -ms-flexbox;
  display: flex;
  position: relative;
  -webkit-box-pack: center;
  -webkit-justify-content: center;
  -ms-flex-pack: center;
  justify-content: center;
  -webkit-align-items: center;
  -webkit-box-align: center;
  -ms-flex-align: center;
  align-items: center;
  width: 100%;
  height: 100%;
  min-height: 1rem;
  margin: 0 auto;
  margin-bottom: 1.5rem;
  margin-top: 1.5rem;
  -webkit-user-select: none;
  -moz-user-select: none;
  -ms-user-select: none;
  user-select: none;
  pointer-events: none;
  -webkit-animation: expand 0.5s forwards cubic-bezier(0.25,0.46,0.45,0.94);
  animation: expand 0.5s forwards cubic-bezier(0.25,0.46,0.45,0.94);
}

.c0::after {
  opacity: 0.8;
  position: absolute;
  width: 80%;
  height: 0.625rem;
  margin: 0 auto;
  border-radius: 0.525rem;
  content: "";
  background: linear-gradient(to right,#eff1f3 4%,#e2e2e2 25%,#eff1f3 36%);
  background-size: 62.5rem 100%;
  -webkit-animation: ZzRnL 2s infinite linear;
  animation: ZzRnL 2s infinite linear;
}

<div
  className="c0"
  role="presentation"
/>
`;
